chunk: SweaveListingsPreparations
chunkprefix: Lab0-SweaveListingsPreparations
fig:
cacheDB:
time: 2009-09-15 21:11:47

chunk: input_ex
chunkprefix: Lab0-input_ex
fig:
cacheDB: cache/input_ex_097250733f086db20a8eec5baf9806cd
time: 2009-09-15 21:11:48

chunk: output_ex
chunkprefix: Lab0-output_ex
fig:
cacheDB:
time: 2009-09-15 21:11:48

chunk: hide_prompt
chunkprefix: Lab0-hide_prompt
fig:
cacheDB:
time: 2009-09-15 21:11:48

chunk: exam00
chunkprefix: Lab0-exam00
fig:
cacheDB:
time: 2009-09-15 21:11:48

chunk: unhide_prompt
chunkprefix: Lab0-unhide_prompt
fig:
cacheDB:
time: 2009-09-15 21:11:48

chunk: startupmessage
chunkprefix: Lab0-startupmessage
fig:
cacheDB:
time: 2009-09-15 21:11:48

chunk: firstsession_0
chunkprefix: Lab0-firstsession_0
fig:
cacheDB:
time: 2009-09-15 21:11:48

chunk: firstsession_1
chunkprefix: Lab0-firstsession_1
fig:
cacheDB:
time: 2009-09-15 21:11:48

chunk: firstsession_1_1
chunkprefix: Lab0-firstsession_1_1
fig:
cacheDB:
time: 2009-09-15 21:11:48

chunk: firstsession_1_2
chunkprefix: Lab0-firstsession_1_2
fig:
cacheDB:
time: 2009-09-15 21:11:48

chunk: firstsession_1_3
chunkprefix: Lab0-firstsession_1_3
fig:
cacheDB:
time: 2009-09-15 21:11:48

chunk: firstsession_1_4
chunkprefix: Lab0-firstsession_1_4
fig:
cacheDB:
time: 2009-09-15 21:11:48

chunk: firstsession_1_4_1
chunkprefix: Lab0-firstsession_1_4_1
fig:
cacheDB:
time: 2009-09-15 21:11:48

chunk: firstsession_1_5
chunkprefix: Lab0-firstsession_1_5
fig:
cacheDB:
time: 2009-09-15 21:11:48

chunk: firstsession
chunkprefix: Lab0-firstsession
fig:
cacheDB:
time: 2009-09-15 21:11:48

