chunk: aa_SweaveListingsPreparations
chunkprefix: week2_lecture-aa_SweaveListingsPreparations
fig:
cacheDB:
time: 2009-10-20 19:39:14

chunk: v1
chunkprefix: week2_lecture-v1
fig:
cacheDB:
time: 2009-10-20 19:39:14

chunk: v11
chunkprefix: week2_lecture-v11
fig:
cacheDB:
time: 2009-10-20 19:39:14

chunk: v2
chunkprefix: week2_lecture-v2
fig:
cacheDB:
time: 2009-10-20 19:39:14

chunk: index1
chunkprefix: week2_lecture-index1
fig:
cacheDB:
time: 2009-10-20 19:39:14

chunk: index2
chunkprefix: week2_lecture-index2
fig:
cacheDB:
time: 2009-10-20 19:39:14

chunk: lists1
chunkprefix: week2_lecture-lists1
fig:
cacheDB:
time: 2009-10-20 19:39:14

chunk: lists2
chunkprefix: week2_lecture-lists2
fig:
cacheDB:
time: 2009-10-20 19:39:14

chunk: dfoverview
chunkprefix: week2_lecture-dfoverview
fig:
cacheDB:
time: 2009-10-20 19:39:14

chunk: dfoverview1
chunkprefix: week2_lecture-dfoverview1
fig:
cacheDB:
time: 2009-10-20 19:39:14

chunk: dfoverview2
chunkprefix: week2_lecture-dfoverview2
fig:
cacheDB:
time: 2009-10-20 19:39:14

chunk: complextypessyntax
chunkprefix: week2_lecture-complextypessyntax
fig:
cacheDB:
time: 2009-10-20 19:39:14

chunk: widen
chunkprefix: week2_lecture-widen
fig:
cacheDB:
time: 2009-10-20 19:39:14

chunk: funcdoc01
chunkprefix: week2_lecture-funcdoc01
fig:
cacheDB:
time: 2009-10-20 19:39:14

chunk: funcdoc02
chunkprefix: week2_lecture-funcdoc02
fig:
cacheDB:
time: 2009-10-20 19:39:14

chunk: funcdoc03
chunkprefix: week2_lecture-funcdoc03
fig:
cacheDB:
time: 2009-10-20 19:39:14

chunk: funcdoc04
chunkprefix: week2_lecture-funcdoc04
fig:
cacheDB:
time: 2009-10-20 19:39:29

chunk: funcdoc1
chunkprefix: week2_lecture-funcdoc1
fig:
cacheDB:
time: 2009-10-20 19:39:29

chunk: funcdoc2
chunkprefix: week2_lecture-funcdoc2
fig:
cacheDB:
time: 2009-10-20 19:39:29

chunk: unwiden
chunkprefix: week2_lecture-unwiden
fig:
cacheDB:
time: 2009-10-20 19:39:29

